[aggregate-refresh-runner] completed batch of 1 request(s) as agg_tqRRHkknNY-131Kd
[aggregate-refresh-runner] completed batch of 1 request(s) as agg_55WkKS3795aNANTW
[aggregate-refresh-runner] completed batch of 1 request(s) as agg_RUIkQb2E2zOsR2cP
[aggregate-refresh-runner] completed batch of 1 request(s) as agg_OEoVfNstyUqTKfK_
[aggregate-refresh-runner] completed batch of 2 request(s) as agg_PK2vpmavM6RK6RCR
[aggregate-refresh-runner] completed batch of 1 request(s) as agg_gOlxIkuFMikjO4qD
[aggregate-refresh-runner] completed batch of 1 request(s) as agg_VMwysJgcF_5JRUUv
[aggregate-refresh-runner] completed batch of 1 request(s) as agg_5RmO5Ppn6TDwtLpE
[aggregate-refresh-runner] completed batch of 1 request(s) as agg_h4mqJYVIXbH6Nb36
[aggregate-refresh-runner] completed batch of 3 request(s) as agg_W2mHmyB0H_9hFP08
[aggregate-refresh-runner] completed batch of 1 request(s) as agg_yFCHwxpoimXkZztV
[aggregate-refresh-runner] completed batch of 1 request(s) as agg_ZxSpdAy8zpGiFFa6
[aggregate-refresh-runner] completed batch of 2 request(s) as agg_Y02O46sOJqT3SbeQ
[aggregate-refresh-runner] completed batch of 1 request(s) as agg_niS-pvOfI9ws8WMz
[aggregate-refresh-runner] completed batch of 1 request(s) as agg_k8C6Uvfwe8wFE7po
[aggregate-refresh-runner] completed batch of 1 request(s) as agg_yaEW6ulpJzGSQPES
[aggregate-refresh-runner] completed batch of 1 request(s) as agg_Tn4EuJkoBPHhQnd-
[aggregate-refresh-runner] completed batch of 1 request(s) as agg_Chd_j7hogyO3nmah
[aggregate-refresh-runner] completed batch of 1 request(s) as agg_x1FameIkjyxtx3fc
[aggregate-refresh-runner] completed batch of 1 request(s) as agg_TTa5qWZS0O2BmoxN
[aggregate-refresh-runner] completed batch of 1 request(s) as agg_f2liw-zqNnCqA9HO
[aggregate-refresh-runner] completed batch of 1 request(s) as agg_g6grn5ei4Dx_1faL
[aggregate-refresh-runner] completed batch of 1 request(s) as agg_U2r-G29Pjqg6rbmV
[aggregate-refresh-runner] completed batch of 2 request(s) as agg_j9y8b1JR0aQHdY3h
[aggregate-refresh-runner] completed batch of 1 request(s) as agg_Qtp7_nUEVu1W5Jl3
[aggregate-refresh-runner] completed batch of 1 request(s) as agg_MI9ZhAwRg91x587w
